2026-03-30 23:55:07 - INFO - Connecting to DuckDB in-memory database...
2026-03-30 23:55:07 - INFO - Executing SQL query. Reading parquet files and calculating features...
2026-03-30 23:55:17 - INFO - Query successful. Extracted 99,005 rows.
2026-03-30 23:55:17 - INFO - No missing values detected.
2026-03-30 23:55:17 - INFO - DuckDB connection securely closed.
2026-03-30 23:55:17 - INFO - Starting Exploratory Data Analysis...
2026-03-30 23:55:17 - INFO - Successfully loaded 99,005 documents for analysis.
2026-03-30 23:55:18 - INFO - EDA completed successfully.
2026-03-30 23:55:18 - INFO - Distribution plot generated successfully.
2026-03-30 23:55:18 - INFO - Starting XGBoost Modeling Pipeline...
2026-03-30 23:55:18 - INFO - Separating features (X) and target label (y)...
2026-03-30 23:55:18 - INFO - Splitting data into 80% Training and 20% Testing sets...
2026-03-30 23:55:18 - INFO - Training on 79,204 documents, Testing on 19,801 documents.
2026-03-30 23:55:18 - INFO - Initializing XGBoost algorithm...
2026-03-30 23:55:18 - INFO - Fitting the model (this may take a few seconds)...
2026-03-30 23:55:19 - INFO - Model training successfully completed.
2026-03-30 23:55:19 - INFO - Generating predictions on the holdout test set...
2026-03-30 23:55:19 - INFO - Model Evaluation Complete. Final Accuracy: 0.8941
2026-03-30 23:55:19 - INFO - Starting visualization: XGBoost Feature Importance...
2026-03-30 23:55:19 - INFO - Extracting information gain metrics from the model...
2026-03-30 23:55:19 - INFO - Formatting the plot for publication quality...
2026-03-30 23:55:19 - INFO - Rendering Feature Importance plot successfully.
